// Jest Snapshot v1, https://goo.gl/fbAQLP

exports[`WizardPanel deep render 1`] = `
<div>
  <div
    aria-describedby="something"
    aria-hidden={true}
    className="wizard-step"
    id="something-panel"
    onKeyDown={[Function]}
    role="tabpanel"
    style="display: none"
  >
    <fieldset />
  </div>
</div>
`;

exports[`WizardPanel shallow render 1`] = `
<WizardPanel
  form={
    Form {
      "$handlers": Object {},
      "$hooks": Object {},
      "$submitting": false,
      "$validating": true,
      "debouncedValidation": [Function],
      "execHandler": [Function],
      "execHook": [Function],
      "fields": Object {
        "fun": Field {
          "$bindings": "default",
          "$changed": false,
          "$clearing": false,
          "$default": "",
          "$disabled": false,
          "$extra": null,
          "$focused": false,
          "$handlers": Object {},
          "$hooks": Object {},
          "$initial": "",
          "$input": [Function],
          "$interceptors": null,
          "$label": "alsofun",
          "$observers": null,
          "$options": Object {},
          "$output": [Function],
          "$placeholder": "",
          "$related": Array [],
          "$resetting": false,
          "$rules": null,
          "$submitting": false,
          "$touched": false,
          "$validatedWith": "value",
          "$validating": false,
          "$validators": null,
          "$value": "",
          "autoFocus": false,
          "debouncedValidation": [Function],
          "disposeValidationOnBlur": [Function],
          "errorAsync": null,
          "errorSync": null,
          "execHandler": [Function],
          "execHook": [Function],
          "fields": Object {},
          "files": undefined,
          "hasInitialNestedFields": false,
          "id": "fun--1",
          "incremental": false,
          "intercept": [Function],
          "key": "fun",
          "name": "fun",
          "noop": [Function],
          "observe": [Function],
          "onAdd": [Function],
          "onBlur": [Function],
          "onChange": [Function],
          "onClear": [Function],
          "onDel": [Function],
          "onDrop": [Function],
          "onFocus": [Function],
          "onReset": [Function],
          "onSubmit": [Function],
          "onToggle": [Function],
          "path": "fun",
          "showError": false,
          "state": State {
            "$struct": Array [],
            "bindings": Bindings {
              "rewriters": Object {
                "default": Object {
                  "autoFocus": "autoFocus",
                  "checked": "checked",
                  "disabled": "disabled",
                  "id": "id",
                  "label": "label",
                  "name": "name",
                  "onBlur": "onBlur",
                  "onChange": "onChange",
                  "onFocus": "onFocus",
                  "placeholder": "placeholder",
                  "type": "type",
                  "value": "value",
                },
              },
              "templates": Object {},
            },
            "current": Object {
              "fields": Object {},
              "props": Object {},
            },
            "disposers": Object {
              "interceptor": Object {},
              "observer": Object {},
            },
            "form": [Circular],
            "initial": Object {
              "fields": Object {},
              "props": Object {},
            },
            "mode": "unified",
            "options": Options {
              "options": Object {
                "allowRequired": false,
                "autoParseNumbers": false,
                "defaultGenericError": null,
                "retrieveOnlyDirtyValues": false,
                "retrieveOnlyEnabledFields": false,
                "showErrorsOnBlur": true,
                "showErrorsOnChange": true,
                "showErrorsOnClear": false,
                "showErrorsOnInit": false,
                "showErrorsOnReset": true,
                "showErrorsOnSubmit": true,
                "strictDelete": true,
                "strictUpdate": false,
                "submitThrowsError": true,
                "uniqueId": [Function],
                "validateDisabledFields": false,
                "validateOnBlur": true,
                "validateOnChange": false,
                "validateOnInit": true,
                "validationDebounceOptions": Object {
                  "leading": false,
                  "trailing": true,
                },
                "validationDebounceWait": 250,
              },
            },
            "strict": false,
          },
          "sync": [Function],
          "type": "text",
          "validationAsyncData": Object {},
          "validationErrorStack": Array [],
          "validationFunctionsData": Array [],
        },
      },
      "intercept": [Function],
      "name": null,
      "noop": [Function],
      "observe": [Function],
      "onAdd": [Function],
      "onClear": [Function],
      "onDel": [Function],
      "onReset": [Function],
      "onSubmit": [Function],
      "state": State {
        "$struct": Array [],
        "bindings": Bindings {
          "rewriters": Object {
            "default": Object {
              "autoFocus": "autoFocus",
              "checked": "checked",
              "disabled": "disabled",
              "id": "id",
              "label": "label",
              "name": "name",
              "onBlur": "onBlur",
              "onChange": "onChange",
              "onFocus": "onFocus",
              "placeholder": "placeholder",
              "type": "type",
              "value": "value",
            },
          },
          "templates": Object {},
        },
        "current": Object {
          "fields": Object {},
          "props": Object {},
        },
        "disposers": Object {
          "interceptor": Object {},
          "observer": Object {},
        },
        "form": [Circular],
        "initial": Object {
          "fields": Object {},
          "props": Object {},
        },
        "mode": "unified",
        "options": Options {
          "options": Object {
            "allowRequired": false,
            "autoParseNumbers": false,
            "defaultGenericError": null,
            "retrieveOnlyDirtyValues": false,
            "retrieveOnlyEnabledFields": false,
            "showErrorsOnBlur": true,
            "showErrorsOnChange": true,
            "showErrorsOnClear": false,
            "showErrorsOnInit": false,
            "showErrorsOnReset": true,
            "showErrorsOnSubmit": true,
            "strictDelete": true,
            "strictUpdate": false,
            "submitThrowsError": true,
            "uniqueId": [Function],
            "validateDisabledFields": false,
            "validateOnBlur": true,
            "validateOnChange": false,
            "validateOnInit": true,
            "validationDebounceOptions": Object {
              "leading": false,
              "trailing": true,
            },
            "validationDebounceWait": 250,
          },
        },
        "strict": false,
      },
      "validator": Validator {
        "drivers": Object {
          "vjf": VJF {
            "options": Options {
              "options": Object {
                "allowRequired": false,
                "autoParseNumbers": false,
                "defaultGenericError": null,
                "retrieveOnlyDirtyValues": false,
                "retrieveOnlyEnabledFields": false,
                "showErrorsOnBlur": true,
                "showErrorsOnChange": true,
                "showErrorsOnClear": false,
                "showErrorsOnInit": false,
                "showErrorsOnReset": true,
                "showErrorsOnSubmit": true,
                "strictDelete": true,
                "strictUpdate": false,
                "submitThrowsError": true,
                "uniqueId": [Function],
                "validateDisabledFields": false,
                "validateOnBlur": true,
                "validateOnChange": false,
                "validateOnInit": true,
                "validationDebounceOptions": Object {
                  "leading": false,
                  "trailing": true,
                },
                "validationDebounceWait": 250,
              },
            },
            "promises": Array [],
            "validator": null,
          },
        },
        "error": null,
        "form": [Circular],
        "options": Object {},
        "plugins": Object {
          "dvr": false,
          "svk": false,
          "vjf": true,
        },
        "promises": Array [],
        "schema": Object {},
      },
    }
  }
  subForm={
    Field {
      "$bindings": "default",
      "$changed": false,
      "$clearing": false,
      "$default": "",
      "$disabled": false,
      "$extra": null,
      "$focused": false,
      "$handlers": Object {},
      "$hooks": Object {},
      "$initial": "",
      "$input": [Function],
      "$interceptors": null,
      "$label": "alsofun",
      "$observers": null,
      "$options": Object {},
      "$output": [Function],
      "$placeholder": "",
      "$related": Array [],
      "$resetting": false,
      "$rules": null,
      "$submitting": false,
      "$touched": false,
      "$validatedWith": "value",
      "$validating": false,
      "$validators": null,
      "$value": "",
      "autoFocus": false,
      "debouncedValidation": [Function],
      "disposeValidationOnBlur": [Function],
      "errorAsync": null,
      "errorSync": null,
      "execHandler": [Function],
      "execHook": [Function],
      "fields": Object {},
      "files": undefined,
      "hasInitialNestedFields": false,
      "id": "fun--1",
      "incremental": false,
      "intercept": [Function],
      "key": "fun",
      "name": "fun",
      "noop": [Function],
      "observe": [Function],
      "onAdd": [Function],
      "onBlur": [Function],
      "onChange": [Function],
      "onClear": [Function],
      "onDel": [Function],
      "onDrop": [Function],
      "onFocus": [Function],
      "onReset": [Function],
      "onSubmit": [Function],
      "onToggle": [Function],
      "path": "fun",
      "showError": false,
      "state": State {
        "$struct": Array [],
        "bindings": Bindings {
          "rewriters": Object {
            "default": Object {
              "autoFocus": "autoFocus",
              "checked": "checked",
              "disabled": "disabled",
              "id": "id",
              "label": "label",
              "name": "name",
              "onBlur": "onBlur",
              "onChange": "onChange",
              "onFocus": "onFocus",
              "placeholder": "placeholder",
              "type": "type",
              "value": "value",
            },
          },
          "templates": Object {},
        },
        "current": Object {
          "fields": Object {},
          "props": Object {},
        },
        "disposers": Object {
          "interceptor": Object {},
          "observer": Object {},
        },
        "form": Form {
          "$handlers": Object {},
          "$hooks": Object {},
          "$submitting": false,
          "$validating": true,
          "debouncedValidation": [Function],
          "execHandler": [Function],
          "execHook": [Function],
          "fields": Object {
            "fun": [Circular],
          },
          "intercept": [Function],
          "name": null,
          "noop": [Function],
          "observe": [Function],
          "onAdd": [Function],
          "onClear": [Function],
          "onDel": [Function],
          "onReset": [Function],
          "onSubmit": [Function],
          "state": [Circular],
          "validator": Validator {
            "drivers": Object {
              "vjf": VJF {
                "options": Options {
                  "options": Object {
                    "allowRequired": false,
                    "autoParseNumbers": false,
                    "defaultGenericError": null,
                    "retrieveOnlyDirtyValues": false,
                    "retrieveOnlyEnabledFields": false,
                    "showErrorsOnBlur": true,
                    "showErrorsOnChange": true,
                    "showErrorsOnClear": false,
                    "showErrorsOnInit": false,
                    "showErrorsOnReset": true,
                    "showErrorsOnSubmit": true,
                    "strictDelete": true,
                    "strictUpdate": false,
                    "submitThrowsError": true,
                    "uniqueId": [Function],
                    "validateDisabledFields": false,
                    "validateOnBlur": true,
                    "validateOnChange": false,
                    "validateOnInit": true,
                    "validationDebounceOptions": Object {
                      "leading": false,
                      "trailing": true,
                    },
                    "validationDebounceWait": 250,
                  },
                },
                "promises": Array [],
                "validator": null,
              },
            },
            "error": null,
            "form": [Circular],
            "options": Object {},
            "plugins": Object {
              "dvr": false,
              "svk": false,
              "vjf": true,
            },
            "promises": Array [],
            "schema": Object {},
          },
        },
        "initial": Object {
          "fields": Object {},
          "props": Object {},
        },
        "mode": "unified",
        "options": Options {
          "options": Object {
            "allowRequired": false,
            "autoParseNumbers": false,
            "defaultGenericError": null,
            "retrieveOnlyDirtyValues": false,
            "retrieveOnlyEnabledFields": false,
            "showErrorsOnBlur": true,
            "showErrorsOnChange": true,
            "showErrorsOnClear": false,
            "showErrorsOnInit": false,
            "showErrorsOnReset": true,
            "showErrorsOnSubmit": true,
            "strictDelete": true,
            "strictUpdate": false,
            "submitThrowsError": true,
            "uniqueId": [Function],
            "validateDisabledFields": false,
            "validateOnBlur": true,
            "validateOnChange": false,
            "validateOnInit": true,
            "validationDebounceOptions": Object {
              "leading": false,
              "trailing": true,
            },
            "validationDebounceWait": 250,
          },
        },
        "strict": false,
      },
      "sync": [Function],
      "type": "text",
      "validationAsyncData": Object {},
      "validationErrorStack": Array [],
      "validationFunctionsData": Array [],
    }
  }
  tabId="something"
  wizardState={
    WizardState {
      "tabs": Array [
        TabInfo {
          "active": true,
          "enabled": true,
          "id": "tab1",
          "label": "something lable",
          "tabName": "something",
        },
      ],
    }
  }
/>
`;
